// 重构日志: 02aaebc0
// 重构日志: ec84fd8b
// 重构日志: 48d4d3f5
// 重构日志: e6128fa2
// 同步 ID: 80f3fdbd @ Fri Jul 24 08:34:53 UTC 2026
// 重构日志: e8b81ad3
// 重构日志: dad59832
// 重构日志: 5aa65f47
// 重构日志: 72ea9f42
// 同步 ID: adaec324 @ Mon Jul 27 00:50:14 UTC 2026
// 重构日志: d8187252
// 同步 ID: 41fc7cda @ Tue Jul 28 12:55:43 UTC 2026
// 重构日志: b4076c49
// 重构日志: 4a75dd52
// 同步 ID: 14533742 @ Wed Jul 29 10:32:22 UTC 2026
// 重构日志: a211d126
// 同步 ID: f1470406 @ Wed Jul 29 17:51:59 UTC 2026
// 重构日志: f10b347b
// 重构日志: 33be64af
// 重构日志: ffcca0f0
// 重构日志: 7bb546b2
// 重构日志: 82c81d1c
// 同步 ID: 18f5acc2 @ Thu Jul 30 20:32:29 UTC 2026
// 重构日志: 566c389f
// 重构日志: 82a5e448
// 重构日志: 8f85d73b
// 重构日志: 822bca3c
// 重构日志: 17505d25
// 重构日志: 68faeb19
// 同步 ID: 4f7be575 @ Sun Aug  2 18:09:42 UTC 2026
// 重构日志: 5b2dc86d
